2026-09-22 23:18:07,098 INFO CERT-UA: старт (full=False)
2026-09-22 23:18:08,422 INFO CERT-UA: статей в архіві: 226
2026-09-22 23:18:18,666 INFO CERT-UA стор. 0: нових 5, старих 0, вже було 0
2026-09-22 23:18:28,829 INFO CERT-UA стор. 1: нових 5, старих 0, вже було 0
2026-09-22 23:18:38,003 INFO CERT-UA стор. 2: нових 5, старих 0, вже було 0
2026-09-22 23:18:46,149 INFO CERT-UA стор. 3: нових 5, старих 0, вже було 0
2026-09-22 23:18:53,699 INFO CERT-UA стор. 4: нових 5, старих 0, вже було 0
2026-09-22 23:19:02,054 INFO CERT-UA стор. 5: нових 5, старих 0, вже було 0
2026-09-22 23:19:10,018 INFO CERT-UA стор. 6: нових 5, старих 0, вже було 0
2026-09-22 23:19:17,979 INFO CERT-UA стор. 7: нових 5, старих 0, вже було 0
2026-09-22 23:19:26,488 INFO CERT-UA стор. 8: нових 5, старих 0, вже було 0
2026-09-22 23:19:34,740 INFO CERT-UA стор. 9: нових 5, старих 0, вже було 0
2026-09-22 23:19:43,146 INFO CERT-UA стор. 10: нових 5, старих 0, вже було 0
2026-09-22 23:19:50,789 INFO CERT-UA стор. 11: нових 5, старих 0, вже було 0
2026-09-22 23:19:58,293 INFO CERT-UA стор. 12: нових 5, старих 0, вже було 0
2026-09-22 23:20:07,197 INFO CERT-UA стор. 13: нових 5, старих 0, вже було 0
2026-09-22 23:20:16,875 INFO CERT-UA стор. 14: нових 5, старих 0, вже було 0
2026-09-22 23:22:13,859 INFO CERT-UA стор. 15: нових 5, старих 0, вже було 0
2026-09-22 23:22:22,033 INFO CERT-UA стор. 16: нових 5, старих 0, вже було 0
2026-09-22 23:22:29,412 INFO CERT-UA стор. 17: нових 5, старих 0, вже було 0
2026-09-22 23:22:37,398 INFO CERT-UA стор. 18: нових 5, старих 0, вже було 0
2026-09-22 23:22:44,901 INFO CERT-UA стор. 19: нових 5, старих 0, вже було 0
2026-09-22 23:22:48,662 INFO CERT-UA: додано 100
2026-09-22 23:22:48,670 INFO Підсумок: {'total': 100, 'candidates': 100}
2026-09-22 23:23:03,484 INFO Поріг=15 (p10 довірених=45, медіана=62). Частка решти документів вище порога: 0.0%
2026-09-22 23:23:07,983 INFO Перераховано 100 документів, поріг=15. {'total': 100, 'candidates': 100}
2026-09-22 23:23:14,333 INFO Telegram: Держспецзв'язку (@dsszzi_official) — ліміт збору від 2026-06-14
2026-09-22 23:23:15,836 INFO Telegram dsszzi_official: стор. 1, найстаріший пост 2026-09-14T13:57:58+00:00
2026-09-22 23:23:22,816 INFO Telegram dsszzi_official: стор. 6, найстаріший пост 2026-08-23T06:08:12+00:00
2026-09-22 23:23:30,921 INFO Telegram dsszzi_official: стор. 11, найстаріший пост 2026-07-15T08:23:19+00:00
2026-09-22 23:23:38,892 INFO Telegram dsszzi_official: стор. 16, найстаріший пост 2026-06-17T13:47:46+00:00
2026-09-22 23:23:41,719 INFO Telegram dsszzi_official: досягнуто межу (2026-06-10). Зупинка пагінації.
2026-09-22 23:23:41,720 INFO Telegram dsszzi_official: кандидатів додано 59
2026-09-22 23:23:41,721 INFO Telegram: СБУ (@SBUkr) — ліміт збору від 2026-06-14
2026-09-22 23:23:43,444 INFO Telegram SBUkr: стор. 1, найстаріший пост 2026-09-18T10:00:06+00:00
2026-09-22 23:23:50,901 INFO Telegram SBUkr: стор. 6, найстаріший пост 2026-09-03T13:42:49+00:00
2026-09-22 23:23:58,252 INFO Telegram SBUkr: стор. 11, найстаріший пост 2026-08-23T07:06:05+00:00
2026-09-22 23:24:06,656 INFO Telegram SBUkr: стор. 16, найстаріший пост 2026-08-07T10:00:07+00:00
2026-09-22 23:24:14,594 INFO Telegram SBUkr: стор. 21, найстаріший пост 2026-07-27T06:30:00+00:00
2026-09-22 23:24:22,311 INFO Telegram SBUkr: стор. 26, найстаріший пост 2026-07-14T10:00:11+00:00
2026-09-22 23:24:30,528 INFO Telegram SBUkr: стор. 31, найстаріший пост 2026-06-29T10:00:08+00:00
2026-09-22 23:24:39,516 INFO Telegram SBUkr: стор. 36, найстаріший пост 2026-06-19T08:00:15+00:00
2026-09-22 23:24:44,249 INFO Telegram SBUkr: досягнуто межу (2026-06-12). Зупинка пагінації.
2026-09-22 23:24:44,249 INFO Telegram SBUkr: кандидатів додано 9
2026-09-22 23:24:44,249 INFO Telegram: Кіберполіція (@CyberpolUA) — ліміт збору від 2026-06-14
2026-09-22 23:24:46,092 INFO Telegram CyberpolUA: стор. 1, найстаріший пост 2026-09-16T08:30:12+00:00
2026-09-22 23:24:53,249 INFO Telegram CyberpolUA: стор. 6, найстаріший пост 2026-09-01T09:00:11+00:00
2026-09-22 23:25:00,792 INFO Telegram CyberpolUA: стор. 11, найстаріший пост 2026-08-19T10:45:37+00:00
2026-09-22 23:25:09,298 INFO Telegram CyberpolUA: стор. 16, найстаріший пост 2026-07-28T10:50:01+00:00
2026-09-22 23:25:17,219 INFO Telegram CyberpolUA: стор. 21, найстаріший пост 2026-07-10T08:55:21+00:00
2026-09-22 23:25:25,429 INFO Telegram CyberpolUA: стор. 26, найстаріший пост 2026-06-25T12:00:05+00:00
2026-09-22 23:25:48,828 INFO Telegram CyberpolUA: досягнуто межу (2026-06-12). Зупинка пагінації.
2026-09-22 23:25:48,828 INFO Telegram CyberpolUA: кандидатів додано 20
2026-09-22 23:25:48,832 INFO Підсумок: {'total': 808, 'candidates': 188}
2026-09-22 23:26:12,273 INFO Кластеризація: 188 публікацій -> 186 подій (поріг схожості 0.50, вікно ±7 дн.)
2026-09-22 23:28:57,416 INFO Експорт: 188 публікацій -> docs.jsonl, 186 подій -> events.jsonl
